// Jest Snapshot v1, https://goo.gl/fbAQLP

exports[`<LoginPage /> should render 1`] = `
<div>
  <InputForm
    label="Email"
    onChange={[Function]}
    placeholder="Input email here"
    type="email"
    value="dummy email"
  />
  <InputForm
    label="Password"
    onChange={[Function]}
    placeholder="Input password here"
    type="password"
    value="dummy password"
  />
  <Button
    onClick={[Function]}
  >
    Login
  </Button>
</div>
`;
